<html>
<body>
<pre>
<h1>礦ision Build Log</h1>
<h2>Tool Versions:</h2>
IDE-Version: μVision V5.21.1.0
Copyright (C) 2016 ARM Ltd and ARM Germany GmbH. All rights reserved.
License Information: qwer Administrator, ertty, LIC=8VRHL-01C2T-TF5I4-F090H-W2ZWN-TULA6
 
Tool Versions:
Toolchain:       MDK-ARM Plus  Version: 5.21a
Toolchain Path:  H:\keli 5\ARM\ARMCC\Bin
C Compiler:      Armcc.exe V5.06 update 3 (build 300)
Assembler:       Armasm.exe V5.06 update 3 (build 300)
Linker/Locator:  ArmLink.exe V5.06 update 3 (build 300)
Library Manager: ArmAr.exe V5.06 update 3 (build 300)
Hex Converter:   FromElf.exe V5.06 update 3 (build 300)
CPU DLL:         SARMCM3.DLL V5.21a
Dialog DLL:      DCM.DLL V1.13.8.0
Target DLL:      Segger\JL2CM3.dll V2.99.23.0
Dialog DLL:      TCM.DLL V1.14.14.0
 
<h2>Project:</h2>
C:\Users\Administrator\Desktop\语音管家\Project\XYD_YYGJ.uvprojx
Project File Date:  06/03/2019

<h2>Output:</h2>
*** Using Compiler 'V5.06 update 3 (build 300)', folder: 'H:\keli 5\ARM\ARMCC\Bin'
Build target 'Target 1'
compiling main.c...
..\User\API\LD_Main.h(13): warning:  #1295-D: Deprecated declaration recognizeLoop - give arg types
  void recognizeLoop();
..\User\API\LD_Main.h(15): warning:  #1295-D: Deprecated declaration LD_ReloadMp3Data - give arg types
  int LD_ReloadMp3Data();
..\User\API\SD_Config.h(11): warning:  #1295-D: Deprecated declaration SD_PORT_Init - give arg types
  void SD_PORT_Init();
..\fatfs_app\fatfs_app.h(25): warning:  #1295-D: Deprecated declaration sd_init - give arg types
  void sd_init();
..\User\main.c(7): warning:  #177-D: variable "ret" was declared but never referenced
  	int ret=0;
..\User\main.c: 5 warnings, 0 errors
linking...
Program Size: Code=21062 RO-data=8070 RW-data=348 ZI-data=4956  
".\Objects\XYD_YYGJ.axf" - 0 Error(s), 5 Warning(s).

<h2>Software Packages used:</h2>

Package Vendor: ARM
                http://www.keil.com/pack/ARM.CMSIS.4.5.0.pack
                ARM::CMSIS:CORE:4.3.0
                CMSIS (Cortex Microcontroller Software Interface Standard)
   * Component: CORE Version: 4.3.0

<h2>Collection of Component include folders:</h2>
  C:\Users\Administrator\Desktop\语音管家\Project\RTE
  H:\keli 5\ARM\PACK\ARM\CMSIS\4.5.0\CMSIS\Include
  H:\keli 5\ARM\PACK\Keil\STM32F1xx_DFP\2.1.0\Device\Include

<h2>Collection of Component Files used:</h2>

   * Component: ARM::CMSIS:CORE:4.3.0
Build Time Elapsed:  00:00:02
</pre>
</body>
</html>
